OK board grammar selection, validation, visual contracts, and grab floors
